== texto: 1 quadro 25.76 dB
  tau 1.5x: 28.66 dB nitidez 0.04731
  tau 2.5x: 28.33 dB nitidez 0.04078
  tau 4.0x: 27.10 dB nitidez 0.03524
  refino ±1 px/128: 29.24 dB nitidez 0.03770 0.7s
  refino ±2 px/128: 29.71 dB nitidez 0.03666 0.8s
  sem rotação: 31.88 dB
  mertens 4 níveis: estouro 3.4% nitidez 0.03712 1.4s
  mertens 6 níveis: estouro 4.5% nitidez 0.03539 1.3s
  mertens 8 níveis: estouro 7.0% nitidez 0.03420 1.2s
  mertens sem saturação: estouro 4.5% nitidez 0.03447 1.3s
== casal: 1 quadro 27.02 dB
  tau 1.5x: 30.01 dB nitidez 0.03872
  tau 2.5x: 29.76 dB nitidez 0.03042
  tau 4.0x: 28.84 dB nitidez 0.02327
  refino ±1 px/128: 30.74 dB nitidez 0.02885 0.4s
  refino ±2 px/128: 30.73 dB nitidez 0.02888 0.5s
  sem rotação: 32.23 dB
  mertens 4 níveis: estouro 3.4% nitidez 0.04774 0.6s
  mertens 6 níveis: estouro 7.5% nitidez 0.04585 0.7s
  mertens 8 níveis: estouro 11.6% nitidez 0.04319 0.6s
  mertens sem saturação: estouro 7.7% nitidez 0.04379 0.7s
